// Jest Snapshot v1, https://goo.gl/fbAQLP

exports[`PageLead Component should render TextLink when supplied 1`] = `
<div
  className="sc-ftvSup sc-papXJ sc-kDDrLX jaugmt IndTi gClGim"
  style={
    Object {
      "paddingBottom": "32px",
    }
  }
>
  <div
    className="sc-crXcEl ecrMWH"
  >
    <h3
      className="sc-eCYdqJ sc-evZas cBOZwO iNEMYx"
    >
       
      BLOG
       
    </h3>
  </div>
  <a
    className="sc-bczRLJ fqnNaQ"
    href="/blog"
    onClick={[Function]}
    onMouseEnter={[Function]}
  />
</div>
`;
