// Jest Snapshot v1, https://goo.gl/fbAQLP

exports[`Project Component should match contain all the required elements in the tree 1`] = `
<article
  className="sc-bjUoiL khHvEQ"
>
  <h3
    className="sc-ftvSup dZcBOY"
  >
     
    JIMDO (C. 2020 - DATE)
     
  </h3>
  <p
    className="sc-kDDrLX sc-fEOsli dkwLyf cheBIF"
  >
     
    Website builder for small businesses.
     
  </p>
  <p
    className="sc-kDDrLX sc-fEOsli dkwLyf cheBIF"
  >
     Website:
    <a
      className="sc-eCYdqJ itZEcn"
      href="https://jimdo.com"
      onClick={[Function]}
      onMouseEnter={[Function]}
    >
      https://jimdo.com
    </a>
  </p>
  <p
    className="sc-kDDrLX dkwLyf"
  >
    Role: 
  </p>
  <div
    className="sc-iqcoie sc-crXcEl sc-evZas jQkfVT ifMHgK ljJVLC"
  >
    <code
      style={
        Object {
          "marginLeft": "0px",
        }
      }
    >
      Software Engineer
    </code>
  </div>
</article>
`;
