// Jest Snapshot v1, https://goo.gl/fbAQLP

exports[`Project Component should match contain all the required elements in the tree 1`] = `
<article
  className="sc-fzoLag kUyYvR"
>
  <h3
    className="sc-AxmLO kYuaTq"
  >
     
    JIMDO (C. 2020 - DATE)
     
  </h3>
  <p
    className="sc-fzpans sc-fzoyAV cWLtkz"
  >
     
    Website builder for small businesses.
     
  </p>
  <p
    className="sc-fzpans sc-fzoyAV cWLtkz"
  >
     Website:
    <a
      className="sc-AxhUy fuzwGB"
      href="https://jimdo.com"
      onClick={[Function]}
      onMouseEnter={[Function]}
    >
      https://jimdo.com
    </a>
  </p>
  <p
    className="sc-fzpans SrvuB"
  >
    Role: 
  </p>
  <div
    className="sc-fzplWN sc-fznyAO sc-fznKkj kqSeSn"
  >
    <code
      style={
        Object {
          "marginLeft": "0px",
        }
      }
    >
      Software Engineer
    </code>
  </div>
</article>
`;
